---
source: compiler/src/compiler.rs
expression: "compile_error([[\"let-rec\".into(), \"x\".into()].into()]).await"
---
invalid syntax: (let-rec x)
