---
source: compiler/src/compiler.rs
expression: codes.borrow()
---
[]
