---
source: compiler/src/compiler.rs
expression: "compile_error([[\"let-rec\".into(), \"x\".into(), \"y\".into(),\n                            \"z\".into()].into()]).await"
---
invalid syntax: (let-rec x y z)
