---
source: compiler/src/compiler.rs
expression: "compile([[\"let-rec\".into(), \"f\".into(),\n                            [\"fn\".into(), [].into(),\n                                        [\"f\".into()].into()].into()].into()]).await"
---
jump 5
peek 0
call 0
return
close 3 0 0 []
