---
source: compiler/src/compiler.rs
expression: "compile([[\"let\".into(), \"x\".into(), 42.0.into()].into()]).await"
---
[
    Float64(
        42.0,
    ),
]
