---
source: compiler/src/compiler.rs
expression: "compile([\"foo\".into()]).await"
---
symbol 3 "foo"
dump
drop
