---
source: compiler/src/compiler.rs
expression: "compile([[\"if\".into(), 1.0.into(), 42.0.into()].into()]).await"
---
float64 1
branch c
float64 42
jump 1
nil
dump
drop
