---
source: compiler/src/compiler.rs
expression: "compile([[\"fn\".into(), [\"x\".into(), \"y\".into()].into(),\n                            42.0.into()].into()]).await"
---
jump b
float64 42
return 2
close 3 2 0 []
dump
drop

